// Jest Snapshot v1, https://goo.gl/fbAQLP

exports[`simulateSolverSolution(transaction, simulator) runs as expected on txHash = 0xca0bbc 1`] = `
{
  "full": {
    "blockNumber": 16401607,
    "ethDelta": Map {
      "0x40a50cf069e992aa4536211b23f286ef88752187" => -3000000000000000000n,
      "0xc02aaa39b223fe8d0a0e5c4f27ead9083c756cc2" => 2999999999628017664n,
    },
    "logs": [
      {
        "address": "0xc02aaa39b223fe8d0a0e5c4f27ead9083c756cc2",
        "data": "0x00000000000000000000000000000000000000000000000029a2241af62c0000",
        "topics": [
          "0xe1fffcc4923d04b559f4d29a8bfc6cda04eb5b0d3c460751c2402c5c5cc9109c",
          "0x00000000000000000000000040a50cf069e992aa4536211b23f286ef88752187",
        ],
      },
      {
        "address": "0x9008d19f58aabd9ed0d60971565aa8510560ab41",
        "data": "0x00000000000000000000000000000000000000000000000000000000000000004c84c1c800000000000000000000000000000000000000000000000000000000",
        "topics": [
          "0xed99827efb37016f2275f98c4bcf71c7551c75d59e9b450f79fa32e60be672c2",
          "0x00000000000000000000000040a50cf069e992aa4536211b23f286ef88752187",
        ],
      },
      {
        "address": "0x9008d19f58aabd9ed0d60971565aa8510560ab41",
        "data": "0x000000000000000000000000c02aaa39b223fe8d0a0e5c4f27ead9083c756cc20000000000000000000000006b175474e89094c44da98b954eedeac495271d0f00000000000000000000000000000000000000000000000014d1120d7b16000000000000000000000000000000000000000000000000007ac331741c3e81b263000000000000000000000000000000000000000000000000005ac91011bfd9f800000000000000000000000000000000000000000000000000000000000000c00000000000000000000000000000000000000000000000000000000000000038e674e87f4f5dfd20cc710365c9711e0d56c3b0532fc37d4832adbe45096bd82640a50cf069e992aa4536211b23f286ef88752187ffffffff0000000000000000",
        "topics": [
          "0xa07a543ab8a018198e99ca0184c93fe9050a79400a0a723441f84de1d972cc17",
          "0x00000000000000000000000040a50cf069e992aa4536211b23f286ef88752187",
        ],
      },
      {
        "address": "0x9008d19f58aabd9ed0d60971565aa8510560ab41",
        "data": "0x000000000000000000000000adb2437e6f65682b85f814fbc12fec0508a7b1d0000000000000000000000000a0b86991c6218b36c1d19d4a2e9eb0ce3606eb480000000000000000000000000000000000000000000000008ac7230489e80000000000000000000000000000000000000000000000000000000000010abd61320000000000000000000000000000000000000000000000000141a2ce0c6094a000000000000000000000000000000000000000000000000000000000000000c000000000000000000000000000000000000000000000000000000000000000388fc9b18fd8033d923c2129547df8e170967bb1a11f4a21d15d27fcaf769ca6e66d04b3f82a0b42a09f355fea3bccce3c819ad5b563c205020000000000000000",
        "topics": [
          "0xa07a543ab8a018198e99ca0184c93fe9050a79400a0a723441f84de1d972cc17",
          "0x0000000000000000000000006d04b3f82a0b42a09f355fea3bccce3c819ad5b5",
        ],
      },
      {
        "address": "0xc02aaa39b223fe8d0a0e5c4f27ead9083c756cc2",
        "data": "0x00000000000000000000000000000000000000000000000014d1120d7b160000",
        "topics": [
          "0xddf252ad1be2c89b69c2b068fc378daa952ba7f163c4a11628f55a4df523b3ef",
          "0x00000000000000000000000040a50cf069e992aa4536211b23f286ef88752187",
          "0x0000000000000000000000009008d19f58aabd9ed0d60971565aa8510560ab41",
        ],
      },
      {
        "address": "0xadb2437e6f65682b85f814fbc12fec0508a7b1d0",
        "data": "0x0000000000000000000000000000000000000000000000008ac7230489e80000",
        "topics": [
          "0xddf252ad1be2c89b69c2b068fc378daa952ba7f163c4a11628f55a4df523b3ef",
          "0x0000000000000000000000006d04b3f82a0b42a09f355fea3bccce3c819ad5b5",
          "0x0000000000000000000000009008d19f58aabd9ed0d60971565aa8510560ab41",
        ],
      },
      {
        "address": "0xadb2437e6f65682b85f814fbc12fec0508a7b1d0",
        "data": "0xffffffffffffffffffffffffffffffffffffffffffffffe6cd534a826c469e6d",
        "topics": [
          "0x8c5be1e5ebec7d5bd14f71427d1e84f3dd0314c0f7b2291e5b200ac8c7c3b925",
          "0x0000000000000000000000006d04b3f82a0b42a09f355fea3bccce3c819ad5b5",
          "0x000000000000000000000000c92e8bdf79f0507f65a392b0ab4667716bfe0110",
        ],
      },
      {
        "address": "0xadb2437e6f65682b85f814fbc12fec0508a7b1d0",
        "data": "0x000000000000000000000000000000000000000000000000898580367d876556",
        "topics": [
          "0xddf252ad1be2c89b69c2b068fc378daa952ba7f163c4a11628f55a4df523b3ef",
          "0x0000000000000000000000009008d19f58aabd9ed0d60971565aa8510560ab41",
          "0x000000000000000000000000c70bb2736e218861dca818d1e9f7a1930fe61e5b",
        ],
      },
      {
        "address": "0xadb2437e6f65682b85f814fbc12fec0508a7b1d0",
        "data": "0xffffffffffffffffffffffffffffffffffffffffffffffeceaae1a4c679b1f5b",
        "topics": [
          "0x8c5be1e5ebec7d5bd14f71427d1e84f3dd0314c0f7b2291e5b200ac8c7c3b925",
          "0x0000000000000000000000009008d19f58aabd9ed0d60971565aa8510560ab41",
          "0x0000000000000000000000007a250d5630b4cf539739df2c5dacb4c659f2488d",
        ],
      },
      {
        "address": "0xc02aaa39b223fe8d0a0e5c4f27ead9083c756cc2",
        "data": "0x0000000000000000000000000000000000000000000000002818b312c5b23fce",
        "topics": [
          "0xddf252ad1be2c89b69c2b068fc378daa952ba7f163c4a11628f55a4df523b3ef",
          "0x000000000000000000000000c70bb2736e218861dca818d1e9f7a1930fe61e5b",
          "0x0000000000000000000000009008d19f58aabd9ed0d60971565aa8510560ab41",
        ],
      },
      {
        "address": "0xc70bb2736e218861dca818d1e9f7a1930fe61e5b",
        "data": "0x0000000000000000000000000000000000000000000000590f958197799fb3d4000000000000000000000000000000000000000000000019e359eae47c9aae33",
        "topics": [
          "0x1c411e9a96e071241c2f21f7726b17ae89e3cab4c78be50e062b03a9fffbbad1",
        ],
      },
      {
        "address": "0xc70bb2736e218861dca818d1e9f7a1930fe61e5b",
        "data": "0x000000000000000000000000000000000000000000000000898580367d876556000000000000000000000000000000000000000000000000000000000000000000000000000000000000000000000000000000000000000000000000000000000000000000000000000000000000000000000000000000002818b312c5b23fce",
        "topics": [
          "0xd78ad95fa46c994b6551d0da85fc275fe613ce37657fb8d5e3d130840159d822",
          "0x0000000000000000000000007a250d5630b4cf539739df2c5dacb4c659f2488d",
          "0x0000000000000000000000009008d19f58aabd9ed0d60971565aa8510560ab41",
        ],
      },
      {
        "address": "0x9008d19f58aabd9ed0d60971565aa8510560ab41",
        "data": "0x00000000000000000000000000000000000000000000000000000000000000008803dbee00000000000000000000000000000000000000000000000000000000",
        "topics": [
          "0xed99827efb37016f2275f98c4bcf71c7551c75d59e9b450f79fa32e60be672c2",
          "0x0000000000000000000000007a250d5630b4cf539739df2c5dacb4c659f2488d",
        ],
      },
      {
        "address": "0xba12222222228d8ba445958a75a0704d566bf2c8",
        "data": "0x00000000000000000000000000000000000000000000000001f291c5ddb829ad000000000000000000000000000000000000000000000000000000000d059811",
        "topics": [
          "0x2170c741c41531aec20e7c107c24eecfdd15e69c9bb0a8dd37b1840b9e0b207b",
          "0x265b6d1a6c12873a423c177eba6dd2470f40a3b50001000000000000000003fd",
          "0x000000000000000000000000c02aaa39b223fe8d0a0e5c4f27ead9083c756cc2",
          "0x000000000000000000000000a0b86991c6218b36c1d19d4a2e9eb0ce3606eb48",
        ],
      },
      {
        "address": "0xc02aaa39b223fe8d0a0e5c4f27ead9083c756cc2",
        "data": "0x00000000000000000000000000000000000000000000000001f291c5ddb829ad",
        "topics": [
          "0xddf252ad1be2c89b69c2b068fc378daa952ba7f163c4a11628f55a4df523b3ef",
          "0x0000000000000000000000009008d19f58aabd9ed0d60971565aa8510560ab41",
          "0x000000000000000000000000ba12222222228d8ba445958a75a0704d566bf2c8",
        ],
      },
      {
        "address": "0xa0b86991c6218b36c1d19d4a2e9eb0ce3606eb48",
        "data": "0x000000000000000000000000000000000000000000000000000000000d059811",
        "topics": [
          "0xddf252ad1be2c89b69c2b068fc378daa952ba7f163c4a11628f55a4df523b3ef",
          "0x000000000000000000000000ba12222222228d8ba445958a75a0704d566bf2c8",
          "0x0000000000000000000000009008d19f58aabd9ed0d60971565aa8510560ab41",
        ],
      },
      {
        "address": "0x9008d19f58aabd9ed0d60971565aa8510560ab41",
        "data": "0x000000000000000000000000000000000000000000000000000000000000000052bbbe2900000000000000000000000000000000000000000000000000000000",
        "topics": [
          "0xed99827efb37016f2275f98c4bcf71c7551c75d59e9b450f79fa32e60be672c2",
          "0x000000000000000000000000ba12222222228d8ba445958a75a0704d566bf2c8",
        ],
      },
      {
        "address": "0x6b175474e89094c44da98b954eedeac495271d0f",
        "data": "0x00000000000000000000000000000000000000000000001856e41db56c42a445",
        "topics": [
          "0xddf252ad1be2c89b69c2b068fc378daa952ba7f163c4a11628f55a4df523b3ef",
          "0x00000000000000000000000060594a405d53811d3bc4766596efd80fd545a270",
          "0x0000000000000000000000009008d19f58aabd9ed0d60971565aa8510560ab41",
        ],
      },
      {
        "address": "0xc02aaa39b223fe8d0a0e5c4f27ead9083c756cc2",
        "data": "0x000000000000000000000000000000000000000000000000040a49411ddfb69d",
        "topics": [
          "0xddf252ad1be2c89b69c2b068fc378daa952ba7f163c4a11628f55a4df523b3ef",
          "0x0000000000000000000000009008d19f58aabd9ed0d60971565aa8510560ab41",
          "0x00000000000000000000000060594a405d53811d3bc4766596efd80fd545a270",
        ],
      },
      {
        "address": "0x60594a405d53811d3bc4766596efd80fd545a270",
        "data": "0xffffffffffffffffffffffffffffffffffffffffffffffe7a91be24a93bd5bbb000000000000000000000000000000000000000000000000040a49411ddfb69d00000000000000000000000000000000000000000684769dd8ae059c7b7ae75e000000000000000000000000000000000000000000001a3748aba0bc03ef4fddfffffffffffffffffffffffffffffffffffffffffffffffffffffffffffee136",
        "topics": [
          "0xc42079f94a6350d7e6235f29174924f928cc2ac818eb64fed8004e115fbcca67",
          "0x000000000000000000000000e592427a0aece92de3edee1f18e0157c05861564",
          "0x0000000000000000000000009008d19f58aabd9ed0d60971565aa8510560ab41",
        ],
      },
      {
        "address": "0x9008d19f58aabd9ed0d60971565aa8510560ab41",
        "data": "0x0000000000000000000000000000000000000000000000000000000000000000414bf38900000000000000000000000000000000000000000000000000000000",
        "topics": [
          "0xed99827efb37016f2275f98c4bcf71c7551c75d59e9b450f79fa32e60be672c2",
          "0x000000000000000000000000e592427a0aece92de3edee1f18e0157c05861564",
        ],
      },
      {
        "address": "0xa0b86991c6218b36c1d19d4a2e9eb0ce3606eb48",
        "data": "0x00000000000000000000000000000000000000000000000000000000fdb7c878",
        "topics": [
          "0xddf252ad1be2c89b69c2b068fc378daa952ba7f163c4a11628f55a4df523b3ef",
          "0x00000000000000000000000088e6a0c2ddd26feeb64f039a2c41296fcb3f5640",
          "0x0000000000000000000000009008d19f58aabd9ed0d60971565aa8510560ab41",
        ],
      },
      {
        "address": "0xc02aaa39b223fe8d0a0e5c4f27ead9083c756cc2",
        "data": "0x000000000000000000000000000000000000000000000000263d5b852b883958",
        "topics": [
          "0xddf252ad1be2c89b69c2b068fc378daa952ba7f163c4a11628f55a4df523b3ef",
          "0x0000000000000000000000009008d19f58aabd9ed0d60971565aa8510560ab41",
          "0x00000000000000000000000088e6a0c2ddd26feeb64f039a2c41296fcb3f5640",
        ],
      },
      {
        "address": "0x88e6a0c2ddd26feeb64f039a2c41296fcb3f5640",
        "data": "0xffffffffffffffffffffffffffffffffffffffffffffffffffffffff02483788000000000000000000000000000000000000000000000000263d5b852b883958000000000000000000000000000000000000635c584f9558463257784ca142a6000000000000000000000000000000000000000000000000b3306b8de5c793780000000000000000000000000000000000000000000000000000000000031888",
        "topics": [
          "0xc42079f94a6350d7e6235f29174924f928cc2ac818eb64fed8004e115fbcca67",
          "0x000000000000000000000000e592427a0aece92de3edee1f18e0157c05861564",
          "0x0000000000000000000000009008d19f58aabd9ed0d60971565aa8510560ab41",
        ],
      },
      {
        "address": "0x9008d19f58aabd9ed0d60971565aa8510560ab41",
        "data": "0x0000000000000000000000000000000000000000000000000000000000000000414bf38900000000000000000000000000000000000000000000000000000000",
        "topics": [
          "0xed99827efb37016f2275f98c4bcf71c7551c75d59e9b450f79fa32e60be672c2",
          "0x000000000000000000000000e592427a0aece92de3edee1f18e0157c05861564",
        ],
      },
      {
        "address": "0xc02aaa39b223fe8d0a0e5c4f27ead9083c756cc2",
        "data": "0x0000000000000000000000000000000000000000000000001054c5a1837f4fff",
        "topics": [
          "0xddf252ad1be2c89b69c2b068fc378daa952ba7f163c4a11628f55a4df523b3ef",
          "0x0000000000000000000000009008d19f58aabd9ed0d60971565aa8510560ab41",
          "0x000000000000000000000000c3d03e4f041fd4cd388c549ee2a29a9e5075882f",
        ],
      },
      {
        "address": "0x6b175474e89094c44da98b954eedeac495271d0f",
        "data": "0x0000000000000000000000000000000000000000000000626c4d4ecf55e0f384",
        "topics": [
          "0xddf252ad1be2c89b69c2b068fc378daa952ba7f163c4a11628f55a4df523b3ef",
          "0x000000000000000000000000c3d03e4f041fd4cd388c549ee2a29a9e5075882f",
          "0x0000000000000000000000009008d19f58aabd9ed0d60971565aa8510560ab41",
        ],
      },
      {
        "address": "0xc3d03e4f041fd4cd388c549ee2a29a9e5075882f",
        "data": "0x000000000000000000000000000000000000000000030c6db920c29e0da598b70000000000000000000000000000000000000000000000812b96942b3b59481d",
        "topics": [
          "0x1c411e9a96e071241c2f21f7726b17ae89e3cab4c78be50e062b03a9fffbbad1",
        ],
      },
      {
        "address": "0xc3d03e4f041fd4cd388c549ee2a29a9e5075882f",
        "data": "0x00000000000000000000000000000000000000000000000000000000000000000000000000000000000000000000000000000000000000001054c5a1837f4fff0000000000000000000000000000000000000000000000626c4d4ecf55e0f3840000000000000000000000000000000000000000000000000000000000000000",
        "topics": [
          "0xd78ad95fa46c994b6551d0da85fc275fe613ce37657fb8d5e3d130840159d822",
          "0x000000000000000000000000d9e1ce17f2641f24ae83637ab66a2cca9c378b9f",
          "0x0000000000000000000000009008d19f58aabd9ed0d60971565aa8510560ab41",
        ],
      },
      {
        "address": "0x9008d19f58aabd9ed0d60971565aa8510560ab41",
        "data": "0x00000000000000000000000000000000000000000000000000000000000000008803dbee00000000000000000000000000000000000000000000000000000000",
        "topics": [
          "0xed99827efb37016f2275f98c4bcf71c7551c75d59e9b450f79fa32e60be672c2",
          "0x000000000000000000000000d9e1ce17f2641f24ae83637ab66a2cca9c378b9f",
        ],
      },
      {
        "address": "0x6b175474e89094c44da98b954eedeac495271d0f",
        "data": "0x00000000000000000000000000000000000000000000007ac331741c3e81b263",
        "topics": [
          "0xddf252ad1be2c89b69c2b068fc378daa952ba7f163c4a11628f55a4df523b3ef",
          "0x0000000000000000000000009008d19f58aabd9ed0d60971565aa8510560ab41",
          "0x0000000000000000000000005dcc9dc962f391517240718d1bebbbe78d24fac7",
        ],
      },
      {
        "address": "0xa0b86991c6218b36c1d19d4a2e9eb0ce3606eb48",
        "data": "0x000000000000000000000000000000000000000000000000000000010abd6132",
        "topics": [
          "0xddf252ad1be2c89b69c2b068fc378daa952ba7f163c4a11628f55a4df523b3ef",
          "0x0000000000000000000000009008d19f58aabd9ed0d60971565aa8510560ab41",
          "0x0000000000000000000000006d04b3f82a0b42a09f355fea3bccce3c819ad5b5",
        ],
      },
      {
        "address": "0x9008d19f58aabd9ed0d60971565aa8510560ab41",
        "data": "0x",
        "topics": [
          "0x40338ce1a7c49204f0099533b1e9a7ee0a3d261f84974ab7af36105b8c4e9db4",
          "0x00000000000000000000000097ec0a17432d71a3234ef7173c6b48a2c0940896",
        ],
      },
    ],
  },
  "reduced": {
    "blockNumber": 16401607,
    "ethDelta": Map {
      "0x40a50cf069e992aa4536211b23f286ef88752187" => -3000000000000000000n,
      "0xc02aaa39b223fe8d0a0e5c4f27ead9083c756cc2" => 2999999999628017664n,
    },
    "logs": [
      {
        "address": "0xc02aaa39b223fe8d0a0e5c4f27ead9083c756cc2",
        "data": "0x00000000000000000000000000000000000000000000000029a2241af62c0000",
        "topics": [
          "0xe1fffcc4923d04b559f4d29a8bfc6cda04eb5b0d3c460751c2402c5c5cc9109c",
          "0x00000000000000000000000040a50cf069e992aa4536211b23f286ef88752187",
        ],
      },
      {
        "address": "0x9008d19f58aabd9ed0d60971565aa8510560ab41",
        "data": "0x00000000000000000000000000000000000000000000000000000000000000004c84c1c800000000000000000000000000000000000000000000000000000000",
        "topics": [
          "0xed99827efb37016f2275f98c4bcf71c7551c75d59e9b450f79fa32e60be672c2",
          "0x00000000000000000000000040a50cf069e992aa4536211b23f286ef88752187",
        ],
      },
      {
        "address": "0x9008d19f58aabd9ed0d60971565aa8510560ab41",
        "data": "0x000000000000000000000000c02aaa39b223fe8d0a0e5c4f27ead9083c756cc20000000000000000000000006b175474e89094c44da98b954eedeac495271d0f00000000000000000000000000000000000000000000000014d1120d7b16000000000000000000000000000000000000000000000000007ac331741c3e81b263000000000000000000000000000000000000000000000000005ac91011bfd9f800000000000000000000000000000000000000000000000000000000000000c00000000000000000000000000000000000000000000000000000000000000038e674e87f4f5dfd20cc710365c9711e0d56c3b0532fc37d4832adbe45096bd82640a50cf069e992aa4536211b23f286ef88752187ffffffff0000000000000000",
        "topics": [
          "0xa07a543ab8a018198e99ca0184c93fe9050a79400a0a723441f84de1d972cc17",
          "0x00000000000000000000000040a50cf069e992aa4536211b23f286ef88752187",
        ],
      },
      {
        "address": "0x9008d19f58aabd9ed0d60971565aa8510560ab41",
        "data": "0x000000000000000000000000adb2437e6f65682b85f814fbc12fec0508a7b1d0000000000000000000000000a0b86991c6218b36c1d19d4a2e9eb0ce3606eb480000000000000000000000000000000000000000000000008ac7230489e80000000000000000000000000000000000000000000000000000000000010abd61320000000000000000000000000000000000000000000000000141a2ce0c6094a000000000000000000000000000000000000000000000000000000000000000c000000000000000000000000000000000000000000000000000000000000000388fc9b18fd8033d923c2129547df8e170967bb1a11f4a21d15d27fcaf769ca6e66d04b3f82a0b42a09f355fea3bccce3c819ad5b563c205020000000000000000",
        "topics": [
          "0xa07a543ab8a018198e99ca0184c93fe9050a79400a0a723441f84de1d972cc17",
          "0x0000000000000000000000006d04b3f82a0b42a09f355fea3bccce3c819ad5b5",
        ],
      },
      {
        "address": "0xc02aaa39b223fe8d0a0e5c4f27ead9083c756cc2",
        "data": "0x00000000000000000000000000000000000000000000000014d1120d7b160000",
        "topics": [
          "0xddf252ad1be2c89b69c2b068fc378daa952ba7f163c4a11628f55a4df523b3ef",
          "0x00000000000000000000000040a50cf069e992aa4536211b23f286ef88752187",
          "0x0000000000000000000000009008d19f58aabd9ed0d60971565aa8510560ab41",
        ],
      },
      {
        "address": "0xadb2437e6f65682b85f814fbc12fec0508a7b1d0",
        "data": "0x0000000000000000000000000000000000000000000000008ac7230489e80000",
        "topics": [
          "0xddf252ad1be2c89b69c2b068fc378daa952ba7f163c4a11628f55a4df523b3ef",
          "0x0000000000000000000000006d04b3f82a0b42a09f355fea3bccce3c819ad5b5",
          "0x0000000000000000000000009008d19f58aabd9ed0d60971565aa8510560ab41",
        ],
      },
      {
        "address": "0xadb2437e6f65682b85f814fbc12fec0508a7b1d0",
        "data": "0xffffffffffffffffffffffffffffffffffffffffffffffe6cd534a826c469e6d",
        "topics": [
          "0x8c5be1e5ebec7d5bd14f71427d1e84f3dd0314c0f7b2291e5b200ac8c7c3b925",
          "0x0000000000000000000000006d04b3f82a0b42a09f355fea3bccce3c819ad5b5",
          "0x000000000000000000000000c92e8bdf79f0507f65a392b0ab4667716bfe0110",
        ],
      },
      {
        "address": "0xadb2437e6f65682b85f814fbc12fec0508a7b1d0",
        "data": "0x000000000000000000000000000000000000000000000000898580367d876556",
        "topics": [
          "0xddf252ad1be2c89b69c2b068fc378daa952ba7f163c4a11628f55a4df523b3ef",
          "0x0000000000000000000000009008d19f58aabd9ed0d60971565aa8510560ab41",
          "0x000000000000000000000000c70bb2736e218861dca818d1e9f7a1930fe61e5b",
        ],
      },
      {
        "address": "0xadb2437e6f65682b85f814fbc12fec0508a7b1d0",
        "data": "0xffffffffffffffffffffffffffffffffffffffffffffffeceaae1a4c679b1f5b",
        "topics": [
          "0x8c5be1e5ebec7d5bd14f71427d1e84f3dd0314c0f7b2291e5b200ac8c7c3b925",
          "0x0000000000000000000000009008d19f58aabd9ed0d60971565aa8510560ab41",
          "0x0000000000000000000000007a250d5630b4cf539739df2c5dacb4c659f2488d",
        ],
      },
      {
        "address": "0xc02aaa39b223fe8d0a0e5c4f27ead9083c756cc2",
        "data": "0x0000000000000000000000000000000000000000000000002818b312c5b23fce",
        "topics": [
          "0xddf252ad1be2c89b69c2b068fc378daa952ba7f163c4a11628f55a4df523b3ef",
          "0x000000000000000000000000c70bb2736e218861dca818d1e9f7a1930fe61e5b",
          "0x0000000000000000000000009008d19f58aabd9ed0d60971565aa8510560ab41",
        ],
      },
      {
        "address": "0xc70bb2736e218861dca818d1e9f7a1930fe61e5b",
        "data": "0x0000000000000000000000000000000000000000000000590f958197799fb3d4000000000000000000000000000000000000000000000019e359eae47c9aae33",
        "topics": [
          "0x1c411e9a96e071241c2f21f7726b17ae89e3cab4c78be50e062b03a9fffbbad1",
        ],
      },
      {
        "address": "0xc70bb2736e218861dca818d1e9f7a1930fe61e5b",
        "data": "0x000000000000000000000000000000000000000000000000898580367d876556000000000000000000000000000000000000000000000000000000000000000000000000000000000000000000000000000000000000000000000000000000000000000000000000000000000000000000000000000000002818b312c5b23fce",
        "topics": [
          "0xd78ad95fa46c994b6551d0da85fc275fe613ce37657fb8d5e3d130840159d822",
          "0x0000000000000000000000007a250d5630b4cf539739df2c5dacb4c659f2488d",
          "0x0000000000000000000000009008d19f58aabd9ed0d60971565aa8510560ab41",
        ],
      },
      {
        "address": "0x9008d19f58aabd9ed0d60971565aa8510560ab41",
        "data": "0x00000000000000000000000000000000000000000000000000000000000000008803dbee00000000000000000000000000000000000000000000000000000000",
        "topics": [
          "0xed99827efb37016f2275f98c4bcf71c7551c75d59e9b450f79fa32e60be672c2",
          "0x0000000000000000000000007a250d5630b4cf539739df2c5dacb4c659f2488d",
        ],
      },
      {
        "address": "0xa0b86991c6218b36c1d19d4a2e9eb0ce3606eb48",
        "data": "0x00000000000000000000000000000000000000000000000000000000fdb7c878",
        "topics": [
          "0xddf252ad1be2c89b69c2b068fc378daa952ba7f163c4a11628f55a4df523b3ef",
          "0x00000000000000000000000088e6a0c2ddd26feeb64f039a2c41296fcb3f5640",
          "0x0000000000000000000000009008d19f58aabd9ed0d60971565aa8510560ab41",
        ],
      },
      {
        "address": "0xc02aaa39b223fe8d0a0e5c4f27ead9083c756cc2",
        "data": "0x000000000000000000000000000000000000000000000000263d5b852b883958",
        "topics": [
          "0xddf252ad1be2c89b69c2b068fc378daa952ba7f163c4a11628f55a4df523b3ef",
          "0x0000000000000000000000009008d19f58aabd9ed0d60971565aa8510560ab41",
          "0x00000000000000000000000088e6a0c2ddd26feeb64f039a2c41296fcb3f5640",
        ],
      },
      {
        "address": "0x88e6a0c2ddd26feeb64f039a2c41296fcb3f5640",
        "data": "0xffffffffffffffffffffffffffffffffffffffffffffffffffffffff02483788000000000000000000000000000000000000000000000000263d5b852b883958000000000000000000000000000000000000635c584f9558463257784ca142a6000000000000000000000000000000000000000000000000b3306b8de5c793780000000000000000000000000000000000000000000000000000000000031888",
        "topics": [
          "0xc42079f94a6350d7e6235f29174924f928cc2ac818eb64fed8004e115fbcca67",
          "0x000000000000000000000000e592427a0aece92de3edee1f18e0157c05861564",
          "0x0000000000000000000000009008d19f58aabd9ed0d60971565aa8510560ab41",
        ],
      },
      {
        "address": "0x9008d19f58aabd9ed0d60971565aa8510560ab41",
        "data": "0x0000000000000000000000000000000000000000000000000000000000000000414bf38900000000000000000000000000000000000000000000000000000000",
        "topics": [
          "0xed99827efb37016f2275f98c4bcf71c7551c75d59e9b450f79fa32e60be672c2",
          "0x000000000000000000000000e592427a0aece92de3edee1f18e0157c05861564",
        ],
      },
      {
        "address": "0x6b175474e89094c44da98b954eedeac495271d0f",
        "data": "0x00000000000000000000000000000000000000000000007ac331741c3e81b263",
        "topics": [
          "0xddf252ad1be2c89b69c2b068fc378daa952ba7f163c4a11628f55a4df523b3ef",
          "0x0000000000000000000000009008d19f58aabd9ed0d60971565aa8510560ab41",
          "0x0000000000000000000000005dcc9dc962f391517240718d1bebbbe78d24fac7",
        ],
      },
      {
        "address": "0xa0b86991c6218b36c1d19d4a2e9eb0ce3606eb48",
        "data": "0x000000000000000000000000000000000000000000000000000000010abd6132",
        "topics": [
          "0xddf252ad1be2c89b69c2b068fc378daa952ba7f163c4a11628f55a4df523b3ef",
          "0x0000000000000000000000009008d19f58aabd9ed0d60971565aa8510560ab41",
          "0x0000000000000000000000006d04b3f82a0b42a09f355fea3bccce3c819ad5b5",
        ],
      },
      {
        "address": "0x9008d19f58aabd9ed0d60971565aa8510560ab41",
        "data": "0x",
        "topics": [
          "0x40338ce1a7c49204f0099533b1e9a7ee0a3d261f84974ab7af36105b8c4e9db4",
          "0x00000000000000000000000097ec0a17432d71a3234ef7173c6b48a2c0940896",
        ],
      },
    ],
  },
  "txHash": "0xca0bbc3551a4e44c31a9fbd29f872f921548d33400e28debb07ffdc5c2d82370",
}
`;
