// Jest Snapshot v1, https://goo.gl/fbAQLP

exports[`Enso Simulator simulate() returns expected output on successful simulation 1`] = `
{
  "blockNumber": 16300366,
  "ethDelta": Map {},
  "gasUsed": 331884,
  "logs": [
    {
      "address": "0x9008d19f58aabd9ed0d60971565aa8510560ab41",
      "data": "0x0000000000000000000000006b175474e89094c44da98b954eedeac495271d0f0000000000000000000000003432b6a60d23ca0dfca7761b7ab56459d9c964d000000000000000000000000000000000000000000000006c6b935b8bbd400000000000000000000000000000000000000000000000000019753399721b8078ee000000000000000000000000000000000000000000000000604fbfc634eef00000000000000000000000000000000000000000000000000000000000000000c00000000000000000000000000000000000000000000000000000000000000038bf293f652b46fe85a15838d7ff736add1b6098ed1c143f3902869d325f9e0069e2b424053b9ebfcedf89ecb8bf2972974e98700c63af639e0000000000000000",
      "index": 0,
      "topics": [
        "0xa07a543ab8a018198e99ca0184c93fe9050a79400a0a723441f84de1d972cc17",
        "0x000000000000000000000000e2b424053b9ebfcedf89ecb8bf2972974e98700c",
      ],
    },
    {
      "address": "0x6b175474e89094c44da98b954eedeac495271d0f",
      "data": "0x00000000000000000000000000000000000000000000006c6b935b8bbd400000",
      "index": 1,
      "topics": [
        "0xddf252ad1be2c89b69c2b068fc378daa952ba7f163c4a11628f55a4df523b3ef",
        "0x000000000000000000000000e2b424053b9ebfcedf89ecb8bf2972974e98700c",
        "0x0000000000000000000000009008d19f58aabd9ed0d60971565aa8510560ab41",
      ],
    },
    {
      "address": "0xc02aaa39b223fe8d0a0e5c4f27ead9083c756cc2",
      "data": "0x00000000000000000000000000000000000000000000000016664e9c50f84b06",
      "index": 2,
      "topics": [
        "0xddf252ad1be2c89b69c2b068fc378daa952ba7f163c4a11628f55a4df523b3ef",
        "0x0000000000000000000000009008d19f58aabd9ed0d60971565aa8510560ab41",
        "0x00000000000000000000000061eb53ee427ab4e007d78a9134aacb3101a2dc23",
      ],
    },
    {
      "address": "0x3432b6a60d23ca0dfca7761b7ab56459d9c964d0",
      "data": "0x0000000000000000000000000000000000000000000032f0a8c0e7cc613fb4eb0000000000000000000000000000000000000000000032d7ee6cf20470d0c3d4",
      "index": 3,
      "topics": [
        "0x3eaa1c4be29b4a4c60e00300b5a17a8ec6c982b5b0ad5870cc84ebdc3b24d68e",
        "0x00000000000000000000000061eb53ee427ab4e007d78a9134aacb3101a2dc23",
      ],
    },
    {
      "address": "0x3432b6a60d23ca0dfca7761b7ab56459d9c964d0",
      "data": "0x000000000000000000000000000000000000000000000000d23441dafae571160000000000000000000000000000000000000000000000198c8837a2eb54622d",
      "index": 4,
      "topics": [
        "0x3eaa1c4be29b4a4c60e00300b5a17a8ec6c982b5b0ad5870cc84ebdc3b24d68e",
        "0x0000000000000000000000009008d19f58aabd9ed0d60971565aa8510560ab41",
      ],
    },
    {
      "address": "0x3432b6a60d23ca0dfca7761b7ab56459d9c964d0",
      "data": "0x000000000000000000000000000000000000000000000018ba53f5c7f06ef117",
      "index": 5,
      "topics": [
        "0xddf252ad1be2c89b69c2b068fc378daa952ba7f163c4a11628f55a4df523b3ef",
        "0x00000000000000000000000061eb53ee427ab4e007d78a9134aacb3101a2dc23",
        "0x0000000000000000000000009008d19f58aabd9ed0d60971565aa8510560ab41",
      ],
    },
    {
      "address": "0x61eb53ee427ab4e007d78a9134aacb3101a2dc23",
      "data": "0x0000000000000000000000000000000000000000000032d7ee6cf20470d0c3d400000000000000000000000000000000000000000000002e0177b105e865b03b",
      "index": 6,
      "topics": [
        "0x1c411e9a96e071241c2f21f7726b17ae89e3cab4c78be50e062b03a9fffbbad1",
      ],
    },
    {
      "address": "0x61eb53ee427ab4e007d78a9134aacb3101a2dc23",
      "data": "0x000000000000000000000000000000000000000000000000000000000000000000000000000000000000000000000000000000000000000016664e9c50f84b06000000000000000000000000000000000000000000000018ba53f5c7f06ef1170000000000000000000000000000000000000000000000000000000000000000",
      "index": 7,
      "topics": [
        "0xd78ad95fa46c994b6551d0da85fc275fe613ce37657fb8d5e3d130840159d822",
        "0x000000000000000000000000d9e1ce17f2641f24ae83637ab66a2cca9c378b9f",
        "0x0000000000000000000000009008d19f58aabd9ed0d60971565aa8510560ab41",
      ],
    },
    {
      "address": "0x9008d19f58aabd9ed0d60971565aa8510560ab41",
      "data": "0x00000000000000000000000000000000000000000000000000000000000000008803dbee00000000000000000000000000000000000000000000000000000000",
      "index": 8,
      "topics": [
        "0xed99827efb37016f2275f98c4bcf71c7551c75d59e9b450f79fa32e60be672c2",
        "0x000000000000000000000000d9e1ce17f2641f24ae83637ab66a2cca9c378b9f",
      ],
    },
    {
      "address": "0x3432b6a60d23ca0dfca7761b7ab56459d9c964d0",
      "data": "0x0000000000000000000000000000000000000000000000198c8837a2eb54622d00000000000000000000000000000000000000000000000017549e30cfd3e93f",
      "index": 9,
      "topics": [
        "0x3eaa1c4be29b4a4c60e00300b5a17a8ec6c982b5b0ad5870cc84ebdc3b24d68e",
        "0x0000000000000000000000009008d19f58aabd9ed0d60971565aa8510560ab41",
      ],
    },
    {
      "address": "0x3432b6a60d23ca0dfca7761b7ab56459d9c964d0",
      "data": "0x0000000000000000000000000000000000000000000000000000000000000000000000000000000000000000000000000000000000000019753399721b8078ee",
      "index": 10,
      "topics": [
        "0x3eaa1c4be29b4a4c60e00300b5a17a8ec6c982b5b0ad5870cc84ebdc3b24d68e",
        "0x000000000000000000000000e2b424053b9ebfcedf89ecb8bf2972974e98700c",
      ],
    },
    {
      "address": "0x3432b6a60d23ca0dfca7761b7ab56459d9c964d0",
      "data": "0x000000000000000000000000000000000000000000000019753399721b8078ee",
      "index": 11,
      "topics": [
        "0xddf252ad1be2c89b69c2b068fc378daa952ba7f163c4a11628f55a4df523b3ef",
        "0x0000000000000000000000009008d19f58aabd9ed0d60971565aa8510560ab41",
        "0x000000000000000000000000e2b424053b9ebfcedf89ecb8bf2972974e98700c",
      ],
    },
    {
      "address": "0x9008d19f58aabd9ed0d60971565aa8510560ab41",
      "data": "0x",
      "index": 12,
      "topics": [
        "0x40338ce1a7c49204f0099533b1e9a7ee0a3d261f84974ab7af36105b8c4e9db4",
        "0x000000000000000000000000a21740833858985e4d801533a808786d3647fb83",
      ],
    },
  ],
  "simulationID": "enso-1",
}
`;
